// Vitest Snapshot v1

exports[`story snapshots > NoJobs 1`] = `
"<ul class=\\"list-group list-group-flush\\">
  <li class=\\"list-group-item\\">No jobs</li>
</ul>"
`;
